# vsim -vopt work.top -voptargs="+acc=npr" -assertdebug -l simulation.log -coverage -c -do "coverage save -onexit -assert -directive -cvg -codeAll coverage.ucdb; run -all; coverage report -detail; exit" 
# Start time: 20:55:22 on Aug 05,2025
# ** Note: (vsim-8009) Loading existing optimized design _opt2
# //  Questa Sim
# //  Version 10.6c linux Jul 25 2017
# //
# //  Copyright 1991-2017 Mentor Graphics Corporation
# //  All Rights Reserved.
# //
# //  QuestaSim and its associated documentation contain trade
# //  secrets and commercial or financial information that are the property of
# //  Mentor Graphics Corporation and are privileged, confidential,
# //  and exempt from disclosure under the Freedom of Information Act,
# //  5 U.S.C. Section 552. Furthermore, this information
# //  is prohibited from disclosure under the Trade Secrets Act,
# //  18 U.S.C. Section 1905.
# //
# Loading sv_std.std
# Loading mtiUvm.uvm_pkg
# Loading work.ral_top_sv_unit(fast)
# Loading work.top(fast)
# Loading mtiUvm.questa_uvm_pkg(fast)
# Loading work.ral_if(fast)
# ** Fatal: (vsim-8451) ral_monitor.sv(26): Virtual interface resolution cannot find a matching instance for 'virtual ral_if'.
#    Time: 0 ns  Iteration: 0  Region: /ral_top_sv_unit File: ral_test.sv
# FATAL ERROR while loading design
# Error loading design
# End time: 20:55:23 on Aug 05,2025, Elapsed time: 0:00:01
# Errors: 1, Warnings: 0
